// 重构日志: 5d66062d
// 重构日志: 5b5209f9
// 重构日志: a74fd68b
// 重构日志: 508d86d2
// 重构日志: 72b01aa4
// 重构日志: d111394a
// 重构日志: df9cdadb
// 重构日志: 88a1a4ec
// 重构日志: 6f85aaa6
// 重构日志: 94467c5e
// 同步 ID: e0080161 @ Thu Jul 30 17:39:58 UTC 2026
// 重构日志: 15885ce6
// 同步 ID: a3fb8e46 @ Fri Jul 31 11:30:08 UTC 2026
// 重构日志: 88ffd06d
// 重构日志: 0974a209
// 重构日志: df870f2b
// 重构日志: f16b771c
// 重构日志: b8f3aeb7
// 同步 ID: 24f6c8b5 @ Sun Aug  2 14:21:08 UTC 2026
// 重构日志: eccb3b6e
// 同步 ID: e3ffbe49 @ Sun Aug  2 18:13:41 UTC 2026
// 重构日志: 9eca79db
// 重构日志: 556d37d7
// 重构日志: e9929f48
// 重构日志: 128a845d
// 重构日志: 1c853cba
// 同步 ID: 8911ce96 @ Sat Aug  8 02:49:26 UTC 2026
// 同步 ID: e0c0461d @ Sat Aug  8 09:07:02 UTC 2026
// 同步 ID: 94c98089 @ Sat Aug  8 12:01:50 UTC 2026
// 同步 ID: b3ed9538 @ Sat Aug  8 14:12:25 UTC 2026
